{
  "version": "1.5.0",
  "plugins_used": [
    {
      "name": "ArtifactoryDetector"
    },
    {
      "name": "AWSKeyDetector"
    },
    {
      "name": "AzureStorageKeyDetector"
    },
    {
      "name": "Base64HighEntropyString",
      "limit": 4.5
    },
    {
      "name": "BasicAuthDetector"
    },
    {
      "name": "CloudantDetector"
    },
    {
      "name": "DiscordBotTokenDetector"
    },
    {
      "name": "GitHubTokenDetector"
    },
    {
      "name": "GitLabTokenDetector"
    },
    {
      "name": "HexHighEntropyString",
      "limit": 3.0
    },
    {
      "name": "IbmCloudIamDetector"
    },
    {
      "name": "IbmCosHmacDetector"
    },
    {
      "name": "IPPublicDetector"
    },
    {
      "name": "JwtTokenDetector"
    },
    {
      "name": "KeywordDetector",
      "keyword_exclude": ""
    },
    {
      "name": "MailchimpDetector"
    },
    {
      "name": "NpmDetector"
    },
    {
      "name": "OpenAIDetector"
    },
    {
      "name": "PrivateKeyDetector"
    },
    {
      "name": "PypiTokenDetector"
    },
    {
      "name": "SendGridDetector"
    },
    {
      "name": "SlackDetector"
    },
    {
      "name": "SoftlayerDetector"
    },
    {
      "name": "SquareOAuthDetector"
    },
    {
      "name": "StripeDetector"
    },
    {
      "name": "TelegramBotTokenDetector"
    },
    {
      "name": "TwilioKeyDetector"
    }
  ],
  "filters_used": [
    {
      "path": "detect_secrets.filters.allowlist.is_line_allowlisted"
    },
    {
      "path": "detect_secrets.filters.common.is_baseline_file",
      "filename": ".secrets.baseline"
    },
    {
      "path": "detect_secrets.filters.common.is_ignored_due_to_verification_policies",
      "min_level": 2
    },
    {
      "path": "detect_secrets.filters.heuristic.is_indirect_reference"
    },
    {
      "path": "detect_secrets.filters.heuristic.is_likely_id_string"
    },
    {
      "path": "detect_secrets.filters.heuristic.is_lock_file"
    },
    {
      "path": "detect_secrets.filters.heuristic.is_not_alphanumeric_string"
    },
    {
      "path": "detect_secrets.filters.heuristic.is_potential_uuid"
    },
    {
      "path": "detect_secrets.filters.heuristic.is_prefixed_with_dollar_sign"
    },
    {
      "path": "detect_secrets.filters.heuristic.is_sequential_string"
    },
    {
      "path": "detect_secrets.filters.heuristic.is_swagger_file"
    },
    {
      "path": "detect_secrets.filters.heuristic.is_templated_secret"
    }
  ],
  "results": {
    ".agents\\skills\\brave-search\\secrets.json": [
      {
        "type": "Secret Keyword",
        "filename": ".agents\\skills\\brave-search\\secrets.json",
        "hashed_secret": "a8d26ad43477c17aec424eececb1095a3e0d7ecb",
        "is_verified": false,
        "line_number": 2
      }
    ],
    "infrastructure\\notebooklm-mcp\\tokens\\auth.json": [
      {
        "type": "Base64 High Entropy String",
        "filename": "infrastructure\\notebooklm-mcp\\tokens\\auth.json",
        "hashed_secret": "db85bcc405294c6d309752c55a17fc384c15fb86",
        "is_verified": false,
        "line_number": 3
      },
      {
        "type": "Base64 High Entropy String",
        "filename": "infrastructure\\notebooklm-mcp\\tokens\\auth.json",
        "hashed_secret": "5ae97aca42f4d11298265338241f5522a369ebf2",
        "is_verified": false,
        "line_number": 4
      },
      {
        "type": "Base64 High Entropy String",
        "filename": "infrastructure\\notebooklm-mcp\\tokens\\auth.json",
        "hashed_secret": "5e73855ed43a52b75012d711ad7232fad68fbc5a",
        "is_verified": false,
        "line_number": 6
      },
      {
        "type": "Base64 High Entropy String",
        "filename": "infrastructure\\notebooklm-mcp\\tokens\\auth.json",
        "hashed_secret": "0c7850305fc71ae5142455719ca49f1a1469ec01",
        "is_verified": false,
        "line_number": 7
      },
      {
        "type": "Base64 High Entropy String",
        "filename": "infrastructure\\notebooklm-mcp\\tokens\\auth.json",
        "hashed_secret": "afdaa8647b1ff8e79d0f288bc886d99e4986e6ec",
        "is_verified": false,
        "line_number": 10
      },
      {
        "type": "Base64 High Entropy String",
        "filename": "infrastructure\\notebooklm-mcp\\tokens\\auth.json",
        "hashed_secret": "6fc3bde627d383287c9a807638536305c8690747",
        "is_verified": false,
        "line_number": 20
      },
      {
        "type": "Base64 High Entropy String",
        "filename": "infrastructure\\notebooklm-mcp\\tokens\\auth.json",
        "hashed_secret": "c1dc776b45205c1067ce2d97c83cc189fb0075f9",
        "is_verified": false,
        "line_number": 22
      },
      {
        "type": "Base64 High Entropy String",
        "filename": "infrastructure\\notebooklm-mcp\\tokens\\auth.json",
        "hashed_secret": "48351ace51a5394a30280bd306ad3e5a038bab5d",
        "is_verified": false,
        "line_number": 24
      }
    ],
    "projects\\hanwoo-dashboard\\scripts\\smoke.mjs": [
      {
        "type": "Basic Auth Credentials",
        "filename": "projects\\hanwoo-dashboard\\scripts\\smoke.mjs",
        "hashed_secret": "5cb1e6240fb46e67aac7c760c4f5a0319bdb7fd4",
        "is_verified": false,
        "line_number": 24
      }
    ],
    "projects\\hanwoo-dashboard\\src\\app\\subscription\\page.js": [
      {
        "type": "Base64 High Entropy String",
        "filename": "projects\\hanwoo-dashboard\\src\\app\\subscription\\page.js",
        "hashed_secret": "99291e43223f2ee2b34892fa1a0dec343ab38f43",
        "is_verified": false,
        "line_number": 6
      }
    ],
    "projects\\knowledge-dashboard\\src\\app\\api\\auth\\session\\route.ts": [
      {
        "type": "Secret Keyword",
        "filename": "projects\\knowledge-dashboard\\src\\app\\api\\auth\\session\\route.ts",
        "hashed_secret": "ecb252044b5ea0f679ee78ec1a12904739e2904d",
        "is_verified": false,
        "line_number": 19
      }
    ],
    "projects\\shorts-maker-v2\\archive\\tests_legacy_v1\\unit\\test_visual_regression_quality.py": [
      {
        "type": "Hex High Entropy String",
        "filename": "projects\\shorts-maker-v2\\archive\\tests_legacy_v1\\unit\\test_visual_regression_quality.py",
        "hashed_secret": "63226c8e0d2975aaa7c619a755fa639e650dae90",
        "is_verified": false,
        "line_number": 7
      },
      {
        "type": "Hex High Entropy String",
        "filename": "projects\\shorts-maker-v2\\archive\\tests_legacy_v1\\unit\\test_visual_regression_quality.py",
        "hashed_secret": "ed7164c5b3d0af4eb017eda35fbf23af7f3c4dff",
        "is_verified": false,
        "line_number": 8
      },
      {
        "type": "Hex High Entropy String",
        "filename": "projects\\shorts-maker-v2\\archive\\tests_legacy_v1\\unit\\test_visual_regression_quality.py",
        "hashed_secret": "d924ea4dbf8707e1fe33d81e34e8c2da1841df69",
        "is_verified": false,
        "line_number": 9
      },
      {
        "type": "Hex High Entropy String",
        "filename": "projects\\shorts-maker-v2\\archive\\tests_legacy_v1\\unit\\test_visual_regression_quality.py",
        "hashed_secret": "3c32482f7afb28cddd6cd465dde3eed42d1b14b8",
        "is_verified": false,
        "line_number": 10
      }
    ],
    "projects\\shorts-maker-v2\\tests\\unit\\test_content_calendar_extended.py": [
      {
        "type": "Secret Keyword",
        "filename": "projects\\shorts-maker-v2\\tests\\unit\\test_content_calendar_extended.py",
        "hashed_secret": "3acfb2c2b433c0ea7ff107e33df91b18e52f960f",
        "is_verified": false,
        "line_number": 11
      }
    ],
    "projects\\shorts-maker-v2\\tests\\unit\\test_google_music_client.py": [
      {
        "type": "Secret Keyword",
        "filename": "projects\\shorts-maker-v2\\tests\\unit\\test_google_music_client.py",
        "hashed_secret": "e5e9fa1ba31ecd1ae84f75caaa474f3a663f05f4",
        "is_verified": false,
        "line_number": 156
      }
    ],
    "projects\\shorts-maker-v2\\tests\\unit\\test_llm_router.py": [
      {
        "type": "Secret Keyword",
        "filename": "projects\\shorts-maker-v2\\tests\\unit\\test_llm_router.py",
        "hashed_secret": "86a4e90f83e24027b6a8daa7a4afc519c3523509",
        "is_verified": false,
        "line_number": 459
      },
      {
        "type": "Secret Keyword",
        "filename": "projects\\shorts-maker-v2\\tests\\unit\\test_llm_router.py",
        "hashed_secret": "c067628873ec55bc5da6dbb79297b02c2759d543",
        "is_verified": false,
        "line_number": 462
      },
      {
        "type": "Secret Keyword",
        "filename": "projects\\shorts-maker-v2\\tests\\unit\\test_llm_router.py",
        "hashed_secret": "1b35c4ea771efe62bb4900ede1adb03ba8a17715",
        "is_verified": false,
        "line_number": 465
      },
      {
        "type": "Secret Keyword",
        "filename": "projects\\shorts-maker-v2\\tests\\unit\\test_llm_router.py",
        "hashed_secret": "4973067131fe1e302f8f8fa776e11fb77569676c",
        "is_verified": false,
        "line_number": 468
      }
    ],
    "workspace\\tests\\test_doctor.py": [
      {
        "type": "Secret Keyword",
        "filename": "workspace\\tests\\test_doctor.py",
        "hashed_secret": "3acfb2c2b433c0ea7ff107e33df91b18e52f960f",
        "is_verified": false,
        "line_number": 26
      }
    ]
  },
  "generated_at": "2026-04-15T01:17:58Z"
}
